{"Name":"python-no-uri","Type":"PipPackage","Repo":"github.com/sgtest/python-no-url","Globs":null,"Files":["mod0.py","setup.py"],"Dir":".","Ops":{"depresolve":null,"graph":null}}
