{"Name":"single-module-dependent","Type":"PipPackage","Repo":"github.com/sgtest/python-single-module-dependent","Globs":null,"Files":["app.py","setup.py"],"Dir":".","Dependencies":[{"extras":null,"key":"https://github.com/sgtest/python-single-module-lib","modules":["mod"],"packages":null,"project_name":"single-module-lib","repo_url":"https://github.com/sgtest/python-single-module-lib","resolved":true,"specs":null,"type":"vcs","unsafe_name":""}],"Ops":{"depresolve":null,"graph":null}}
