{
  "Symbols": [
    {
      "Repo": "github.com/sgtest/python-sample-0",
      "UnitType": "DistPackage",
      "Unit": "python-sample-0",
      "Path": "pkg0",
      "TreePath": "pkg0",
      "Kind": "module",
      "Name": "pkg0",
      "Callable": false,
      "File": "pkg0/__init__.py",
      "DefStart": 0,
      "DefEnd": 0,
      "Exported": true
    },
    {
      "Repo": "github.com/sgtest/python-sample-0",
      "UnitType": "DistPackage",
      "Unit": "python-sample-0",
      "Path": "pkg0/m0",
      "TreePath": "pkg0/m0",
      "Kind": "module",
      "Name": "m0",
      "Callable": false,
      "File": "pkg0/m0.py",
      "DefStart": 0,
      "DefEnd": 0,
      "Exported": true
    },
    {
      "Repo": "github.com/sgtest/python-sample-0",
      "UnitType": "DistPackage",
      "Unit": "python-sample-0",
      "Path": "pkg0/m0/Class0",
      "TreePath": "pkg0/m0/Class0",
      "Kind": "type",
      "Name": "Class0",
      "Callable": false,
      "File": "pkg0/m0.py",
      "DefStart": 60,
      "DefEnd": 66,
      "Exported": true
    },
    {
      "Repo": "github.com/sgtest/python-sample-0",
      "UnitType": "DistPackage",
      "Unit": "python-sample-0",
      "Path": "pkg0/m0/Class0/meth0",
      "TreePath": "pkg0/m0/Class0/meth0",
      "Kind": "func",
      "Name": "meth0",
      "Callable": false,
      "File": "pkg0/m0.py",
      "DefStart": 124,
      "DefEnd": 129,
      "Exported": true
    },
    {
      "Repo": "github.com/sgtest/python-sample-0",
      "UnitType": "DistPackage",
      "Unit": "python-sample-0",
      "Path": "pkg0/m0/Class0/meth0/self",
      "TreePath": "pkg0/m0/Class0/meth0/self",
      "Kind": "var",
      "Name": "self",
      "Callable": false,
      "File": "pkg0/m0.py",
      "DefStart": 130,
      "DefEnd": 134,
      "Exported": true
    },
    {
      "Repo": "github.com/sgtest/python-sample-0",
      "UnitType": "DistPackage",
      "Unit": "python-sample-0",
      "Path": "pkg0/m0/Class0/var0",
      "TreePath": "pkg0/m0/Class0/var0",
      "Kind": "var",
      "Name": "var0",
      "Callable": false,
      "File": "pkg0/m0.py",
      "DefStart": 107,
      "DefEnd": 111,
      "Exported": true
    },
    {
      "Repo": "github.com/sgtest/python-sample-0",
      "UnitType": "DistPackage",
      "Unit": "python-sample-0",
      "Path": "pkg0/m0/Class0_0",
      "TreePath": "pkg0/m0/Class0_0",
      "Kind": "type",
      "Name": "Class0_0",
      "Callable": false,
      "File": "pkg0/m0.py",
      "DefStart": 337,
      "DefEnd": 345,
      "Exported": true
    },
    {
      "Repo": "github.com/sgtest/python-sample-0",
      "UnitType": "DistPackage",
      "Unit": "python-sample-0",
      "Path": "pkg0/m0/Class0_0/__init__",
      "TreePath": "pkg0/m0/Class0_0/__init__",
      "Kind": "func",
      "Name": "__init__",
      "Callable": false,
      "File": "pkg0/m0.py",
      "DefStart": 363,
      "DefEnd": 371,
      "Exported": true
    },
    {
      "Repo": "github.com/sgtest/python-sample-0",
      "UnitType": "DistPackage",
      "Unit": "python-sample-0",
      "Path": "pkg0/m0/Class0_0/__init__/arg0",
      "TreePath": "pkg0/m0/Class0_0/__init__/arg0",
      "Kind": "var",
      "Name": "arg0",
      "Callable": false,
      "File": "pkg0/m0.py",
      "DefStart": 378,
      "DefEnd": 382,
      "Exported": true
    },
    {
      "Repo": "github.com/sgtest/python-sample-0",
      "UnitType": "DistPackage",
      "Unit": "python-sample-0",
      "Path": "pkg0/m0/Class0_0/__init__/arg1",
      "TreePath": "pkg0/m0/Class0_0/__init__/arg1",
      "Kind": "var",
      "Name": "arg1",
      "Callable": false,
      "File": "pkg0/m0.py",
      "DefStart": 384,
      "DefEnd": 388,
      "Exported": true
    },
    {
      "Repo": "github.com/sgtest/python-sample-0",
      "UnitType": "DistPackage",
      "Unit": "python-sample-0",
      "Path": "pkg0/m0/Class0_0/__init__/args",
      "TreePath": "pkg0/m0/Class0_0/__init__/args",
      "Kind": "var",
      "Name": "args",
      "Callable": false,
      "File": "pkg0/m0.py",
      "DefStart": 391,
      "DefEnd": 395,
      "Exported": true
    },
    {
      "Repo": "github.com/sgtest/python-sample-0",
      "UnitType": "DistPackage",
      "Unit": "python-sample-0",
      "Path": "pkg0/m0/Class0_0/__init__/kwargs",
      "TreePath": "pkg0/m0/Class0_0/__init__/kwargs",
      "Kind": "var",
      "Name": "kwargs",
      "Callable": false,
      "File": "pkg0/m0.py",
      "DefStart": 399,
      "DefEnd": 405,
      "Exported": true
    },
    {
      "Repo": "github.com/sgtest/python-sample-0",
      "UnitType": "DistPackage",
      "Unit": "python-sample-0",
      "Path": "pkg0/m0/Class0_0/__init__/self",
      "TreePath": "pkg0/m0/Class0_0/__init__/self",
      "Kind": "var",
      "Name": "self",
      "Callable": false,
      "File": "pkg0/m0.py",
      "DefStart": 372,
      "DefEnd": 376,
      "Exported": true
    },
    {
      "Repo": "github.com/sgtest/python-sample-0",
      "UnitType": "DistPackage",
      "Unit": "python-sample-0",
      "Path": "pkg0/m0/Class1",
      "TreePath": "pkg0/m0/Class1",
      "Kind": "type",
      "Name": "Class1",
      "Callable": false,
      "File": "pkg0/m0.py",
      "DefStart": 149,
      "DefEnd": 155,
      "Exported": true
    },
    {
      "Repo": "github.com/sgtest/python-sample-0",
      "UnitType": "DistPackage",
      "Unit": "python-sample-0",
      "Path": "pkg0/m0/Class1/__init__",
      "TreePath": "pkg0/m0/Class1/__init__",
      "Kind": "func",
      "Name": "__init__",
      "Callable": false,
      "File": "pkg0/m0.py",
      "DefStart": 173,
      "DefEnd": 181,
      "Exported": true
    },
    {
      "Repo": "github.com/sgtest/python-sample-0",
      "UnitType": "DistPackage",
      "Unit": "python-sample-0",
      "Path": "pkg0/m0/Class1/__init__/self",
      "TreePath": "pkg0/m0/Class1/__init__/self",
      "Kind": "var",
      "Name": "self",
      "Callable": false,
      "File": "pkg0/m0.py",
      "DefStart": 182,
      "DefEnd": 186,
      "Exported": true
    },
    {
      "Repo": "github.com/sgtest/python-sample-0",
      "UnitType": "DistPackage",
      "Unit": "python-sample-0",
      "Path": "pkg0/m0/Class1/meth0",
      "TreePath": "pkg0/m0/Class1/meth0",
      "Kind": "func",
      "Name": "meth0",
      "Callable": false,
      "File": "pkg0/m0.py",
      "DefStart": 268,
      "DefEnd": 273,
      "Exported": true
    },
    {
      "Repo": "github.com/sgtest/python-sample-0",
      "UnitType": "DistPackage",
      "Unit": "python-sample-0",
      "Path": "pkg0/m0/Class1/meth0/self",
      "TreePath": "pkg0/m0/Class1/meth0/self",
      "Kind": "var",
      "Name": "self",
      "Callable": false,
      "File": "pkg0/m0.py",
      "DefStart": 274,
      "DefEnd": 278,
      "Exported": true
    },
    {
      "Repo": "github.com/sgtest/python-sample-0",
      "UnitType": "DistPackage",
      "Unit": "python-sample-0",
      "Path": "pkg0/m0/Class1/meth0/var0",
      "TreePath": "pkg0/m0/Class1/meth0/var0",
      "Kind": "var",
      "Name": "var0",
      "Callable": false,
      "File": "pkg0/m0.py",
      "DefStart": 289,
      "DefEnd": 293,
      "Exported": true
    },
    {
      "Repo": "github.com/sgtest/python-sample-0",
      "UnitType": "DistPackage",
      "Unit": "python-sample-0",
      "Path": "pkg0/m0/f0",
      "TreePath": "pkg0/m0/f0",
      "Kind": "func",
      "Name": "f0",
      "Callable": false,
      "File": "pkg0/m0.py",
      "DefStart": 451,
      "DefEnd": 453,
      "Exported": true
    },
    {
      "Repo": "github.com/sgtest/python-sample-0",
      "UnitType": "DistPackage",
      "Unit": "python-sample-0",
      "Path": "pkg0/m0/f0/var0",
      "TreePath": "pkg0/m0/f0/var0",
      "Kind": "var",
      "Name": "var0",
      "Callable": false,
      "File": "pkg0/m0.py",
      "DefStart": 461,
      "DefEnd": 465,
      "Exported": true
    },
    {
      "Repo": "github.com/sgtest/python-sample-0",
      "UnitType": "DistPackage",
      "Unit": "python-sample-0",
      "Path": "pkg0/m0/f0/var1",
      "TreePath": "pkg0/m0/f0/var1",
      "Kind": "var",
      "Name": "var1",
      "Callable": false,
      "File": "pkg0/m0.py",
      "DefStart": 481,
      "DefEnd": 485,
      "Exported": true
    },
    {
      "Repo": "github.com/sgtest/python-sample-0",
      "UnitType": "DistPackage",
      "Unit": "python-sample-0",
      "Path": "pkg0/m0/f0/var2",
      "TreePath": "pkg0/m0/f0/var2",
      "Kind": "var",
      "Name": "var2",
      "Callable": false,
      "File": "pkg0/m0.py",
      "DefStart": 501,
      "DefEnd": 505,
      "Exported": true
    },
    {
      "Repo": "github.com/sgtest/python-sample-0",
      "UnitType": "DistPackage",
      "Unit": "python-sample-0",
      "Path": "pkg0/m1",
      "TreePath": "pkg0/m1",
      "Kind": "module",
      "Name": "m1",
      "Callable": false,
      "File": "pkg0/m1.py",
      "DefStart": 0,
      "DefEnd": 0,
      "Exported": true
    },
    {
      "Repo": "github.com/sgtest/python-sample-0",
      "UnitType": "DistPackage",
      "Unit": "python-sample-0",
      "Path": "pkg0/m1/Class0_0",
      "TreePath": "pkg0/m1/Class0_0",
      "Kind": "type",
      "Name": "Class0_0",
      "Callable": false,
      "File": "pkg0/m1.py",
      "DefStart": 90,
      "DefEnd": 98,
      "Exported": true
    },
    {
      "Repo": "github.com/sgtest/python-sample-0",
      "UnitType": "DistPackage",
      "Unit": "python-sample-0",
      "Path": "pkg0/m1/Class0_0/__init__",
      "TreePath": "pkg0/m1/Class0_0/__init__",
      "Kind": "func",
      "Name": "__init__",
      "Callable": false,
      "File": "pkg0/m1.py",
      "DefStart": 116,
      "DefEnd": 124,
      "Exported": true
    },
    {
      "Repo": "github.com/sgtest/python-sample-0",
      "UnitType": "DistPackage",
      "Unit": "python-sample-0",
      "Path": "pkg0/m1/Class0_0/__init__/self",
      "TreePath": "pkg0/m1/Class0_0/__init__/self",
      "Kind": "var",
      "Name": "self",
      "Callable": false,
      "File": "pkg0/m1.py",
      "DefStart": 125,
      "DefEnd": 129,
      "Exported": true
    },
    {
      "Repo": "github.com/sgtest/python-sample-0",
      "UnitType": "DistPackage",
      "Unit": "python-sample-0",
      "Path": "pkg0/m1/m2_fn1",
      "TreePath": "pkg0/m1/m2_fn1",
      "Kind": "func",
      "Name": "m2_fn1",
      "Callable": false,
      "File": "pkg0/m1.py",
      "DefStart": 178,
      "DefEnd": 184,
      "Exported": true
    },
    {
      "Repo": "github.com/sgtest/python-sample-0",
      "UnitType": "DistPackage",
      "Unit": "python-sample-0",
      "Path": "pkg0/m1/m2_fn1/var0",
      "TreePath": "pkg0/m1/m2_fn1/var0",
      "Kind": "var",
      "Name": "var0",
      "Callable": false,
      "File": "pkg0/m1.py",
      "DefStart": 192,
      "DefEnd": 196,
      "Exported": true
    },
    {
      "Repo": "github.com/sgtest/python-sample-0",
      "UnitType": "DistPackage",
      "Unit": "python-sample-0",
      "Path": "pkg0/m1/m2_fn1/var1",
      "TreePath": "pkg0/m1/m2_fn1/var1",
      "Kind": "var",
      "Name": "var1",
      "Callable": false,
      "File": "pkg0/m1.py",
      "DefStart": 212,
      "DefEnd": 216,
      "Exported": true
    },
    {
      "Repo": "github.com/sgtest/python-sample-0",
      "UnitType": "DistPackage",
      "Unit": "python-sample-0",
      "Path": "setup",
      "TreePath": "setup",
      "Kind": "module",
      "Name": "setup",
      "Callable": false,
      "File": "setup.py",
      "DefStart": 0,
      "DefEnd": 0,
      "Exported": true
    }
  ],
  "Refs": [
    {
      "SymbolRepo": "hg.python.org/cpython",
      "SymbolUnitType": "DistPackage",
      "SymbolUnit": "Python",
      "SymbolPath": "distutils/core/setup",
      "Def": false,
      "Repo": "github.com/sgtest/python-sample-0",
      "UnitType": "DistPackage",
      "Unit": "python-sample-0",
      "File": "setup.py",
      "Start": 30,
      "End": 35
    },
    {
      "SymbolRepo": "hg.python.org/cpython",
      "SymbolUnitType": "DistPackage",
      "SymbolUnit": "Python",
      "SymbolPath": "",
      "Def": false,
      "Repo": "github.com/sgtest/python-sample-0",
      "UnitType": "DistPackage",
      "Unit": "python-sample-0",
      "File": "pkg0/m0.py",
      "Start": 202,
      "End": 206
    },
    {
      "SymbolRepo": "hg.python.org/cpython",
      "SymbolUnitType": "DistPackage",
      "SymbolUnit": "Python",
      "SymbolPath": "",
      "Def": false,
      "Repo": "github.com/sgtest/python-sample-0",
      "UnitType": "DistPackage",
      "Unit": "python-sample-0",
      "File": "pkg0/m0.py",
      "Start": 224,
      "End": 228
    },
    {
      "SymbolRepo": "hg.python.org/cpython",
      "SymbolUnitType": "DistPackage",
      "SymbolUnit": "Python",
      "SymbolPath": "int",
      "Def": false,
      "Repo": "github.com/sgtest/python-sample-0",
      "UnitType": "DistPackage",
      "Unit": "python-sample-0",
      "File": "pkg0/m0.py",
      "Start": 107,
      "End": 111
    },
    {
      "SymbolRepo": "hg.python.org/cpython",
      "SymbolUnitType": "DistPackage",
      "SymbolUnit": "Python",
      "SymbolPath": "int",
      "Def": false,
      "Repo": "github.com/sgtest/python-sample-0",
      "UnitType": "DistPackage",
      "Unit": "python-sample-0",
      "File": "pkg0/m0.py",
      "Start": 202,
      "End": 206
    },
    {
      "SymbolRepo": "hg.python.org/cpython",
      "SymbolUnitType": "DistPackage",
      "SymbolUnit": "Python",
      "SymbolPath": "int",
      "Def": false,
      "Repo": "github.com/sgtest/python-sample-0",
      "UnitType": "DistPackage",
      "Unit": "python-sample-0",
      "File": "pkg0/m0.py",
      "Start": 224,
      "End": 228
    },
    {
      "SymbolRepo": "hg.python.org/cpython",
      "SymbolUnitType": "DistPackage",
      "SymbolUnit": "Python",
      "SymbolPath": "object/__init__",
      "Def": false,
      "Repo": "github.com/sgtest/python-sample-0",
      "UnitType": "DistPackage",
      "Unit": "python-sample-0",
      "File": "pkg0/m1.py",
      "Start": 162,
      "End": 170
    },
    {
      "SymbolRepo": "hg.python.org/cpython",
      "SymbolUnitType": "DistPackage",
      "SymbolUnit": "Python",
      "SymbolPath": "os",
      "Def": false,
      "Repo": "github.com/sgtest/python-sample-0",
      "UnitType": "DistPackage",
      "Unit": "python-sample-0",
      "File": "pkg0/m0.py",
      "Start": 50,
      "End": 52
    },
    {
      "SymbolRepo": "github.com/sgtest/python-sample-0",
      "SymbolUnitType": "DistPackage",
      "SymbolUnit": "python-sample-0",
      "SymbolPath": "pkg0/m0/Class0/meth0",
      "Def": false,
      "Repo": "github.com/sgtest/python-sample-0",
      "UnitType": "DistPackage",
      "Unit": "python-sample-0",
      "File": "pkg0/m0.py",
      "Start": 438,
      "End": 443
    },
    {
      "SymbolRepo": "github.com/sgtest/python-sample-0",
      "SymbolUnitType": "DistPackage",
      "SymbolUnit": "python-sample-0",
      "SymbolPath": "pkg0/m0/Class0_0",
      "Def": false,
      "Repo": "github.com/sgtest/python-sample-0",
      "UnitType": "DistPackage",
      "Unit": "python-sample-0",
      "File": "pkg0/m0.py",
      "Start": 422,
      "End": 430
    },
    {
      "SymbolRepo": "github.com/sgtest/python-sample-0",
      "SymbolUnitType": "DistPackage",
      "SymbolUnit": "python-sample-0",
      "SymbolPath": "pkg0/m0/Class0_0",
      "Def": false,
      "Repo": "github.com/sgtest/python-sample-0",
      "UnitType": "DistPackage",
      "Unit": "python-sample-0",
      "File": "pkg0/m0.py",
      "Start": 432,
      "End": 436
    },
    {
      "SymbolRepo": "github.com/sgtest/python-sample-0",
      "SymbolUnitType": "DistPackage",
      "SymbolUnit": "python-sample-0",
      "SymbolPath": "pkg0/m0/Class0_0",
      "Def": false,
      "Repo": "github.com/sgtest/python-sample-0",
      "UnitType": "DistPackage",
      "Unit": "python-sample-0",
      "File": "pkg0/m0.py",
      "Start": 501,
      "End": 505
    },
    {
      "SymbolRepo": "github.com/sgtest/python-sample-0",
      "SymbolUnitType": "DistPackage",
      "SymbolUnit": "python-sample-0",
      "SymbolPath": "pkg0/m0/Class0_0",
      "Def": false,
      "Repo": "github.com/sgtest/python-sample-0",
      "UnitType": "DistPackage",
      "Unit": "python-sample-0",
      "File": "pkg0/m0.py",
      "Start": 508,
      "End": 516
    },
    {
      "SymbolRepo": "github.com/sgtest/python-sample-0",
      "SymbolUnitType": "DistPackage",
      "SymbolUnit": "python-sample-0",
      "SymbolPath": "pkg0/m0/Class0",
      "Def": false,
      "Repo": "github.com/sgtest/python-sample-0",
      "UnitType": "DistPackage",
      "Unit": "python-sample-0",
      "File": "pkg0/m0.py",
      "Start": 247,
      "End": 251
    },
    {
      "SymbolRepo": "github.com/sgtest/python-sample-0",
      "SymbolUnitType": "DistPackage",
      "SymbolUnit": "python-sample-0",
      "SymbolPath": "pkg0/m0/Class0",
      "Def": false,
      "Repo": "github.com/sgtest/python-sample-0",
      "UnitType": "DistPackage",
      "Unit": "python-sample-0",
      "File": "pkg0/m0.py",
      "Start": 289,
      "End": 293
    },
    {
      "SymbolRepo": "github.com/sgtest/python-sample-0",
      "SymbolUnitType": "DistPackage",
      "SymbolUnit": "python-sample-0",
      "SymbolPath": "pkg0/m0/Class0",
      "Def": false,
      "Repo": "github.com/sgtest/python-sample-0",
      "UnitType": "DistPackage",
      "Unit": "python-sample-0",
      "File": "pkg0/m0.py",
      "Start": 296,
      "End": 302
    },
    {
      "SymbolRepo": "github.com/sgtest/python-sample-0",
      "SymbolUnitType": "DistPackage",
      "SymbolUnit": "python-sample-0",
      "SymbolPath": "pkg0/m0/Class0",
      "Def": false,
      "Repo": "github.com/sgtest/python-sample-0",
      "UnitType": "DistPackage",
      "Unit": "python-sample-0",
      "File": "pkg0/m0.py",
      "Start": 318,
      "End": 322
    },
    {
      "SymbolRepo": "github.com/sgtest/python-sample-0",
      "SymbolUnitType": "DistPackage",
      "SymbolUnit": "python-sample-0",
      "SymbolPath": "pkg0/m0/Class0",
      "Def": false,
      "Repo": "github.com/sgtest/python-sample-0",
      "UnitType": "DistPackage",
      "Unit": "python-sample-0",
      "File": "pkg0/m0.py",
      "Start": 325,
      "End": 329
    },
    {
      "SymbolRepo": "github.com/sgtest/python-sample-0",
      "SymbolUnitType": "DistPackage",
      "SymbolUnit": "python-sample-0",
      "SymbolPath": "pkg0/m0/Class0",
      "Def": false,
      "Repo": "github.com/sgtest/python-sample-0",
      "UnitType": "DistPackage",
      "Unit": "python-sample-0",
      "File": "pkg0/m0.py",
      "Start": 461,
      "End": 465
    },
    {
      "SymbolRepo": "github.com/sgtest/python-sample-0",
      "SymbolUnitType": "DistPackage",
      "SymbolUnit": "python-sample-0",
      "SymbolPath": "pkg0/m0/Class0",
      "Def": false,
      "Repo": "github.com/sgtest/python-sample-0",
      "UnitType": "DistPackage",
      "Unit": "python-sample-0",
      "File": "pkg0/m0.py",
      "Start": 468,
      "End": 474
    },
    {
      "SymbolRepo": "github.com/sgtest/python-sample-0",
      "SymbolUnitType": "DistPackage",
      "SymbolUnit": "python-sample-0",
      "SymbolPath": "pkg0/m0/Class0",
      "Def": false,
      "Repo": "github.com/sgtest/python-sample-0",
      "UnitType": "DistPackage",
      "Unit": "python-sample-0",
      "File": "pkg0/m1.py",
      "Start": 192,
      "End": 196
    },
    {
      "SymbolRepo": "github.com/sgtest/python-sample-0",
      "SymbolUnitType": "DistPackage",
      "SymbolUnit": "python-sample-0",
      "SymbolPath": "pkg0/m0/Class0",
      "Def": false,
      "Repo": "github.com/sgtest/python-sample-0",
      "UnitType": "DistPackage",
      "Unit": "python-sample-0",
      "File": "pkg0/m1.py",
      "Start": 199,
      "End": 205
    },
    {
      "SymbolRepo": "github.com/sgtest/python-sample-0",
      "SymbolUnitType": "DistPackage",
      "SymbolUnit": "python-sample-0",
      "SymbolPath": "pkg0/m0/Class0",
      "Def": false,
      "Repo": "github.com/sgtest/python-sample-0",
      "UnitType": "DistPackage",
      "Unit": "python-sample-0",
      "File": "pkg0/m1.py",
      "Start": 76,
      "End": 82
    },
    {
      "SymbolRepo": "github.com/sgtest/python-sample-0",
      "SymbolUnitType": "DistPackage",
      "SymbolUnit": "python-sample-0",
      "SymbolPath": "pkg0/m0/Class1",
      "Def": false,
      "Repo": "github.com/sgtest/python-sample-0",
      "UnitType": "DistPackage",
      "Unit": "python-sample-0",
      "File": "pkg0/m0.py",
      "Start": 197,
      "End": 201
    },
    {
      "SymbolRepo": "github.com/sgtest/python-sample-0",
      "SymbolUnitType": "DistPackage",
      "SymbolUnit": "python-sample-0",
      "SymbolPath": "pkg0/m0/Class1",
      "Def": false,
      "Repo": "github.com/sgtest/python-sample-0",
      "UnitType": "DistPackage",
      "Unit": "python-sample-0",
      "File": "pkg0/m0.py",
      "Start": 219,
      "End": 223
    },
    {
      "SymbolRepo": "github.com/sgtest/python-sample-0",
      "SymbolUnitType": "DistPackage",
      "SymbolUnit": "python-sample-0",
      "SymbolPath": "pkg0/m0/Class1",
      "Def": false,
      "Repo": "github.com/sgtest/python-sample-0",
      "UnitType": "DistPackage",
      "Unit": "python-sample-0",
      "File": "pkg0/m0.py",
      "Start": 242,
      "End": 246
    },
    {
      "SymbolRepo": "github.com/sgtest/python-sample-0",
      "SymbolUnitType": "DistPackage",
      "SymbolUnit": "python-sample-0",
      "SymbolPath": "pkg0/m0/Class1",
      "Def": false,
      "Repo": "github.com/sgtest/python-sample-0",
      "UnitType": "DistPackage",
      "Unit": "python-sample-0",
      "File": "pkg0/m0.py",
      "Start": 313,
      "End": 317
    },
    {
      "SymbolRepo": "github.com/sgtest/python-sample-0",
      "SymbolUnitType": "DistPackage",
      "SymbolUnit": "python-sample-0",
      "SymbolPath": "pkg0/m0/Class1",
      "Def": false,
      "Repo": "github.com/sgtest/python-sample-0",
      "UnitType": "DistPackage",
      "Unit": "python-sample-0",
      "File": "pkg0/m0.py",
      "Start": 481,
      "End": 485
    },
    {
      "SymbolRepo": "github.com/sgtest/python-sample-0",
      "SymbolUnitType": "DistPackage",
      "SymbolUnit": "python-sample-0",
      "SymbolPath": "pkg0/m0/Class1",
      "Def": false,
      "Repo": "github.com/sgtest/python-sample-0",
      "UnitType": "DistPackage",
      "Unit": "python-sample-0",
      "File": "pkg0/m0.py",
      "Start": 488,
      "End": 494
    },
    {
      "SymbolRepo": "github.com/sgtest/python-sample-0",
      "SymbolUnitType": "DistPackage",
      "SymbolUnit": "python-sample-0",
      "SymbolPath": "pkg0/m0",
      "Def": false,
      "Repo": "github.com/sgtest/python-sample-0",
      "UnitType": "DistPackage",
      "Unit": "python-sample-0",
      "File": "pkg0/m1.py",
      "Start": 66,
      "End": 68
    },
    {
      "SymbolRepo": "github.com/sgtest/python-sample-0",
      "SymbolUnitType": "DistPackage",
      "SymbolUnit": "python-sample-0",
      "SymbolPath": "pkg0/m1/Class0_0",
      "Def": false,
      "Repo": "github.com/sgtest/python-sample-0",
      "UnitType": "DistPackage",
      "Unit": "python-sample-0",
      "File": "pkg0/m1.py",
      "Start": 146,
      "End": 154
    },
    {
      "SymbolRepo": "github.com/sgtest/python-sample-0",
      "SymbolUnitType": "DistPackage",
      "SymbolUnit": "python-sample-0",
      "SymbolPath": "pkg0/m1/Class0_0",
      "Def": false,
      "Repo": "github.com/sgtest/python-sample-0",
      "UnitType": "DistPackage",
      "Unit": "python-sample-0",
      "File": "pkg0/m1.py",
      "Start": 156,
      "End": 160
    },
    {
      "SymbolRepo": "github.com/sgtest/python-sample-0",
      "SymbolUnitType": "DistPackage",
      "SymbolUnit": "python-sample-0",
      "SymbolPath": "pkg0/m1/Class0_0",
      "Def": false,
      "Repo": "github.com/sgtest/python-sample-0",
      "UnitType": "DistPackage",
      "Unit": "python-sample-0",
      "File": "pkg0/m1.py",
      "Start": 212,
      "End": 216
    },
    {
      "SymbolRepo": "github.com/sgtest/python-sample-0",
      "SymbolUnitType": "DistPackage",
      "SymbolUnit": "python-sample-0",
      "SymbolPath": "pkg0/m1/Class0_0",
      "Def": false,
      "Repo": "github.com/sgtest/python-sample-0",
      "UnitType": "DistPackage",
      "Unit": "python-sample-0",
      "File": "pkg0/m1.py",
      "Start": 219,
      "End": 227
    },
    {
      "SymbolRepo": "github.com/sgtest/python-sample-0",
      "SymbolUnitType": "DistPackage",
      "SymbolUnit": "python-sample-0",
      "SymbolPath": "pkg0",
      "Def": false,
      "Repo": "github.com/sgtest/python-sample-0",
      "UnitType": "DistPackage",
      "Unit": "python-sample-0",
      "File": "pkg0/m1.py",
      "Start": 51,
      "End": 55
    },
    {
      "SymbolRepo": "github.com/sgtest/python-sample-0",
      "SymbolUnitType": "DistPackage",
      "SymbolUnit": "python-sample-0",
      "SymbolPath": "pkg0",
      "Def": false,
      "Repo": "github.com/sgtest/python-sample-0",
      "UnitType": "DistPackage",
      "Unit": "python-sample-0",
      "File": "pkg0/m1.py",
      "Start": 61,
      "End": 65
    },
    {
      "SymbolRepo": "hg.python.org/cpython",
      "SymbolUnitType": "DistPackage",
      "SymbolUnit": "Python",
      "SymbolPath": "super",
      "Def": false,
      "Repo": "github.com/sgtest/python-sample-0",
      "UnitType": "DistPackage",
      "Unit": "python-sample-0",
      "File": "pkg0/m0.py",
      "Start": 416,
      "End": 421
    },
    {
      "SymbolRepo": "hg.python.org/cpython",
      "SymbolUnitType": "DistPackage",
      "SymbolUnit": "Python",
      "SymbolPath": "super",
      "Def": false,
      "Repo": "github.com/sgtest/python-sample-0",
      "UnitType": "DistPackage",
      "Unit": "python-sample-0",
      "File": "pkg0/m1.py",
      "Start": 140,
      "End": 145
    }
  ]
}