{
  "Defs": [
    {
      "Repo": "github.com/sgtest/python-sample-1",
      "UnitType": "PipPackage",
      "Unit": "python-sample-1",
      "Path": "app",
      "TreePath": "app",
      "Kind": "module",
      "Name": "app",
      "Callable": false,
      "File": "app/__init__.py",
      "DefStart": 0,
      "DefEnd": 0,
      "Exported": true
    },
    {
      "Repo": "github.com/sgtest/python-sample-1",
      "UnitType": "PipPackage",
      "Unit": "python-sample-1",
      "Path": "app/app",
      "TreePath": "app/app",
      "Kind": "module",
      "Name": "app",
      "Callable": false,
      "File": "app/app.py",
      "DefStart": 0,
      "DefEnd": 0,
      "Exported": true
    },
    {
      "Repo": "github.com/sgtest/python-sample-1",
      "UnitType": "PipPackage",
      "Unit": "python-sample-1",
      "Path": "app/app/x",
      "TreePath": "app/app/x",
      "Kind": "var",
      "Name": "x",
      "Callable": false,
      "File": "app/app.py",
      "DefStart": 16,
      "DefEnd": 17,
      "Exported": true
    },
    {
      "Repo": "github.com/sgtest/python-sample-1",
      "UnitType": "PipPackage",
      "Unit": "python-sample-1",
      "Path": "setup",
      "TreePath": "setup",
      "Kind": "module",
      "Name": "setup",
      "Callable": false,
      "File": "setup.py",
      "DefStart": 0,
      "DefEnd": 0,
      "Exported": true
    }
  ],
  "Refs": [
    {
      "DefRepo": "github.com/sgtest/python-sample-1",
      "DefUnitType": "PipPackage",
      "DefUnit": "python-sample-1",
      "DefPath": "app/app/x",
      "Def": true,
      "Repo": "github.com/sgtest/python-sample-1",
      "UnitType": "PipPackage",
      "Unit": "python-sample-1",
      "File": "app/app.py",
      "Start": 16,
      "End": 17
    },
    {
      "DefRepo": "github.com/sgtest/python-sample-1",
      "DefUnitType": "PipPackage",
      "DefUnit": "python-sample-1",
      "DefPath": "app/app/x",
      "Def": false,
      "Repo": "github.com/sgtest/python-sample-1",
      "UnitType": "PipPackage",
      "Unit": "python-sample-1",
      "File": "app/app.py",
      "Start": 37,
      "End": 38
    },
    {
      "DefRepo": "github.com/sgtest/python-sample-1",
      "DefUnitType": "PipPackage",
      "DefUnit": "python-sample-1",
      "DefPath": "app/app",
      "Def": true,
      "Repo": "github.com/sgtest/python-sample-1",
      "UnitType": "PipPackage",
      "Unit": "python-sample-1",
      "File": "app/app.py",
      "Start": 0,
      "End": 0
    },
    {
      "DefRepo": "github.com/sgtest/python-sample-1",
      "DefUnitType": "PipPackage",
      "DefUnit": "python-sample-1",
      "DefPath": "app",
      "Def": true,
      "Repo": "github.com/sgtest/python-sample-1",
      "UnitType": "PipPackage",
      "Unit": "python-sample-1",
      "File": "app/__init__.py",
      "Start": 0,
      "End": 0
    },
    {
      "DefRepo": "github.com/sgtest/python-sample-0",
      "DefUnitType": "PipPackage",
      "DefUnit": "python-sample-0",
      "DefPath": "pkg0/m0/Class0/meth0",
      "Def": false,
      "Repo": "github.com/sgtest/python-sample-1",
      "UnitType": "PipPackage",
      "Unit": "python-sample-1",
      "File": "app/app.py",
      "Start": 39,
      "End": 44
    },
    {
      "DefRepo": "github.com/sgtest/python-sample-0",
      "DefUnitType": "PipPackage",
      "DefUnit": "python-sample-0",
      "DefPath": "pkg0/m0/Class0",
      "Def": false,
      "Repo": "github.com/sgtest/python-sample-1",
      "UnitType": "PipPackage",
      "Unit": "python-sample-1",
      "File": "app/app.py",
      "Start": 28,
      "End": 34
    },
    {
      "DefRepo": "github.com/sgtest/python-sample-0",
      "DefUnitType": "PipPackage",
      "DefUnit": "python-sample-0",
      "DefPath": "pkg0/m0",
      "Def": false,
      "Repo": "github.com/sgtest/python-sample-1",
      "UnitType": "PipPackage",
      "Unit": "python-sample-1",
      "File": "app/app.py",
      "Start": 12,
      "End": 14
    },
    {
      "DefRepo": "github.com/sgtest/python-sample-0",
      "DefUnitType": "PipPackage",
      "DefUnit": "python-sample-0",
      "DefPath": "pkg0/m0",
      "Def": false,
      "Repo": "github.com/sgtest/python-sample-1",
      "UnitType": "PipPackage",
      "Unit": "python-sample-1",
      "File": "app/app.py",
      "Start": 25,
      "End": 27
    },
    {
      "DefRepo": "github.com/sgtest/python-sample-0",
      "DefUnitType": "PipPackage",
      "DefUnit": "python-sample-0",
      "DefPath": "pkg0",
      "Def": false,
      "Repo": "github.com/sgtest/python-sample-1",
      "UnitType": "PipPackage",
      "Unit": "python-sample-1",
      "File": "app/app.py",
      "Start": 20,
      "End": 24
    },
    {
      "DefRepo": "github.com/sgtest/python-sample-0",
      "DefUnitType": "PipPackage",
      "DefUnit": "python-sample-0",
      "DefPath": "pkg0",
      "Def": false,
      "Repo": "github.com/sgtest/python-sample-1",
      "UnitType": "PipPackage",
      "Unit": "python-sample-1",
      "File": "app/app.py",
      "Start": 7,
      "End": 11
    },
    {
      "DefRepo": "github.com/sgtest/python-sample-1",
      "DefUnitType": "PipPackage",
      "DefUnit": "python-sample-1",
      "DefPath": "setup",
      "Def": true,
      "Repo": "github.com/sgtest/python-sample-1",
      "UnitType": "PipPackage",
      "Unit": "python-sample-1",
      "File": "setup.py",
      "Start": 0,
      "End": 0
    }
  ]
}